2022-05-03 11:42:17,869 - __main__ - INFO - test the custom logger
2022-05-03 11:42:19,125 - __main__ - INFO - test the custom logger
